MO fifo72x128 NULL ../fifo72x128.v vlg64/fifo72x128.bin 1415433205
MO tb_hravframework NULL ../tb_hravframework.v vlg70/tb__hravframework.bin 1414559503
MO collector NULL ../collector.v vlg0B/collector.bin 1415433205
MO scanner_wrapper NULL ../scanner_wrapper.v vlg52/scanner__wrapper.bin 1415435063
MO fifo288x128 NULL ../fifo288x128.v vlg71/fifo288x128.bin 1415433205
MO dispatcher NULL ../dispatcher.v vlg17/dispatcher.bin 1415433205
MO simple_scanner NULL ../simple_scanner.v vlg7F/simple__scanner.bin 1415435063
MO hravframework NULL ../hravframework.v vlg0F/hravframework.bin 1415433205
